To install the git
******************
-sudo apt get install git-core
-sudo apt-get install git-doc
-sudo apt-get install git-svn
-sudo apt-get build-dep git-core git-doc git-svn

if the above commands are failed, use
*************************************
-sudo apt-get update
-sudo apt-get build-dep git-core git-doc git-svn

for configure git (Global)
**************************
-git config --global user.name "sruthi"
-git config --global user.email "sruthirajan444@gmail.com"

For a specific repository
*************************
-cd /home/mca/Desktop/sruthisd/sru 
-mkdir sruuu
-cd sruuu
-git init //initialize git
Initialized empty Git repository in /home/mca/Desktop/sruthisd/sru/sruuu/.git/

-git status
On branch master

Initial commit

nothing to commit (create/copy files and use "git add" to track)
mca@mca-HP-Compaq-8200-Elite-MT-PC:~/Desktop/sruthisd/sru/sruuu$ 





-git config user.name "sru"

-git config --global  color.ui auto

30/01/2018
----------
mkdir sruuu
-cd /home/mca/Desktop/sruthisd/sru/sruuu
-git init
- git status
On branch master

Initial commit

nothing to commit (create/copy files and use "git add" to track)

-cd
 -cd /home/mca/Desktop/sruthisd 
 -git init
Initialized empty Git repository in /home/mca/Desktop/sruthisd/.git/
-git status
On branch master

Initial commit

Untracked files:
  (use "git add <file>..." to include in what will be committed)

	aaa/
	exp2.txt~
	name.sh
	pgm1.sh

nothing added to commit but untracked files present (use "git add" to track)
-git add .
mca@mca-HP-Compaq-8200-Elite-MT-PC:~/Desktop/sruthisd$ git commit -m "welcome"
[master (root-commit) 5e36682] welcome
 4 files changed, 49 insertions(+)
 create mode 160000 aaa
 create mode 100644 exp2.txt~
 create mode 100644 name.sh
 create mode 100644 pgm1.sh

 -git status
On branch master
nothing to commit, working directory clean

Desktop/sruthisd/sru/sruuuview->show hidden->.git

vi name.sh
edit the name.sh file
esc->shift+:->wq
- git status
On branch master
Changes not staged for commit:
  (use "git add <file>..." to update what will be committed)
  (use "git checkout -- <file>..." to discard changes in working directory)

	modified:   name.sh

Untracked files:
  (use "git add <file>..." to include in what will be committed)

	exp2.txt

no changes added to commit (use "git add" and/or "git commit -a")
vi pgm1.sh
mca@mca-HP-Compaq-8200-Elite-MT-PC:~/Desktop/sruthisd$ git status
On branch master
Changes not staged for commit:
  (use "git add <file>..." to update what will be committed)
  (use "git checkout -- <file>..." to discard changes in working directory)

	modified:   name.sh(red color)
	modified:   pgm1.sh

Untracked files:
  (use "git add <file>..." to include in what will be committed)

	exp2.txt

no changes added to commit (use "git add" and/or "git commit -a")
 -git add -u
-git status
On branch master
Changes to be committed:
  (use "git reset HEAD <file>..." to unstage)

	modified:   name.sh(((green color)
	modified:   pgm1.sh

Untracked files:
  (use "git add <file>..." to include in what will be committed)

	exp2.txt

 -git add exp2.txt
mca@mca-HP-Compaq-8200-Elite-MT-PC:~/Desktop/sruthisd$ git status
On branch master
Changes to be committed:
  (use "git reset HEAD <file>..." to unstage)

	new file:   exp2.txt
	modified:   name.sh
	modified:   pgm1.sh

-git commit
Aborting commit due to empty commit message.
-git commit -m "welcome"
[master d4d4fb5] welcome
 3 files changed, 98 insertions(+), 2 deletions(-)
 create mode 100644 exp2.txt
mca@mca-HP-Compaq-8200-Elite-MT-PC:~/Desktop/sruthisd$ git clone https://github.com/EduardoAC/Sharon
Cloning into 'Sharon'...


